// Vitest Snapshot v1, https://vitest.dev/guide/snapshot.html

exports[`persisted state snapshot > auth store shape 1`] = `
{
  "accounts": [
    {
      "instance": "https://lemmy.zip",
      "uuid": "uuid-1",
    },
    {
      "instance": "https://lemmy.world",
      "jwt": "test-jwt-token-2",
      "uuid": "uuid-2",
    },
  ],
  "selectedUuid": "uuid-2",
}
`;
