// Vitest Snapshot v1, https://vitest.dev/guide/snapshot.html

exports[`persisted state snapshot > flairs store shape 1`] = `
{
  "123_100": {
    "data": {
      "apId": "https://blorpblorp.xyz/flair/100",
      "backgroundColor": null,
      "color": null,
      "id": 100,
      "title": "Test Flair",
    },
    "lastUsed": 1704067200000,
  },
}
`;
